... logging to /root/.ros/log/38d5b730-4635-11f1-ac75-f4ce23138c33/roslaunch-rafael-IdeaPad-Gaming-3-15IHU6-3118.log
Checking log directory for disk usage. This may take a while.
Press Ctrl-C to interrupt
Done checking log file disk usage. Usage is <1GB.
]2;/lar_ws/src/lar_gazebo/src/launch/lar_husky.launch
[1mstarted roslaunch server http://rafael-IdeaPad-Gaming-3-15IHU6:45767/[0m

SUMMARY
========

PARAMETERS
 * /ekf_localization/base_link_frame: base_link
 * /ekf_localization/frequency: 50
 * /ekf_localization/imu0: imu/data
 * /ekf_localization/imu0_config: [False, False, Fa...
 * /ekf_localization/imu0_differential: True
 * /ekf_localization/imu0_queue_size: 10
 * /ekf_localization/imu0_remove_gravitational_acceleration: True
 * /ekf_localization/odom0: husky_velocity_co...
 * /ekf_localization/odom0_config: [False, False, Fa...
 * /ekf_localization/odom0_differential: False
 * /ekf_localization/odom0_queue_size: 10
 * /ekf_localization/odom_frame: odom
 * /ekf_localization/predict_to_current_time: True
 * /ekf_localization/two_d_mode: True
 * /ekf_localization/world_frame: odom
 * /gazebo/enable_ros_network: True
 * /husky_joint_publisher/publish_rate: 50
 * /husky_joint_publisher/type: joint_state_contr...
 * /husky_velocity_controller/angular/z/has_acceleration_limits: True
 * /husky_velocity_controller/angular/z/has_velocity_limits: True
 * /husky_velocity_controller/angular/z/max_acceleration: 6.0
 * /husky_velocity_controller/angular/z/max_velocity: 2.0
 * /husky_velocity_controller/base_frame_id: base_link
 * /husky_velocity_controller/cmd_vel_timeout: 0.25
 * /husky_velocity_controller/enable_odom_tf: False
 * /husky_velocity_controller/left_wheel: ['front_left_whee...
 * /husky_velocity_controller/linear/x/has_acceleration_limits: True
 * /husky_velocity_controller/linear/x/has_velocity_limits: True
 * /husky_velocity_controller/linear/x/max_acceleration: 3.0
 * /husky_velocity_controller/linear/x/max_velocity: 1.0
 * /husky_velocity_controller/pose_covariance_diagonal: [0.001, 0.001, 0....
 * /husky_velocity_controller/publish_rate: 50
 * /husky_velocity_controller/right_wheel: ['front_right_whe...
 * /husky_velocity_controller/twist_covariance_diagonal: [0.001, 0.001, 0....
 * /husky_velocity_controller/type: diff_drive_contro...
 * /husky_velocity_controller/velocity_rolling_window_size: 2
 * /husky_velocity_controller/wheel_radius_multiplier: 1.0
 * /husky_velocity_controller/wheel_separation_multiplier: 1.875
 * /joy_teleop/joy_node/autorepeat_rate: 20
 * /joy_teleop/joy_node/deadzone: 0.1
 * /joy_teleop/joy_node/dev: /dev/input/ps4
 * /joy_teleop/teleop_twist_joy/axis_angular: 0
 * /joy_teleop/teleop_twist_joy/axis_linear: 1
 * /joy_teleop/teleop_twist_joy/enable_button: 4
 * /joy_teleop/teleop_twist_joy/enable_turbo_button: 5
 * /joy_teleop/teleop_twist_joy/scale_angular: 1.4
 * /joy_teleop/teleop_twist_joy/scale_linear: 0.4
 * /joy_teleop/teleop_twist_joy/scale_linear_turbo: 2.0
 * /robot_description: <?xml version="1....
 * /rosdistro: melodic
 * /rosversion: 1.14.13
 * /twist_mux/locks: [{'topic': 'e_sto...
 * /twist_mux/topics: [{'topic': 'joy_t...
 * /use_sim_time: True

NODES
  /
    base_controller_spawner (controller_manager/spawner)
    ekf_localization (robot_localization/ekf_localization_node)
    gazebo (gazebo_ros/gzserver)
    gazebo_gui (gazebo_ros/gzclient)
    robot_state_publisher (robot_state_publisher/robot_state_publisher)
    spawn_husky_model (gazebo_ros/spawn_model)
    twist_marker_server (interactive_marker_twist_server/marker_server)
    twist_mux (twist_mux/twist_mux)
  /joy_teleop/
    joy_node (joy/joy_node)
    teleop_twist_joy (teleop_twist_joy/teleop_node)

auto-starting new master
[1mprocess[master]: started with pid [3136][0m
[1mROS_MASTER_URI=http://localhost:11311[0m
]2;/lar_ws/src/lar_gazebo/src/launch/lar_husky.launch http://localhost:11311
[1msetting /run_id to 38d5b730-4635-11f1-ac75-f4ce23138c33[0m
[1mprocess[rosout-1]: started with pid [3147][0m
started core service [/rosout]
[1mprocess[gazebo-2]: started with pid [3154][0m
[1mprocess[gazebo[31m[ERROR] [1777732983.440458210]: Couldn't open joystick /dev/input/ps4. Will retry every second.[0m
ALSA lib confmisc.c:767:(parse_card) cannot find card '0'
ALSA lib conf.c:4528:(_snd_config_evaluate) function snd_func_card_driver returned error: No such file or directory
ALSA lib confmisc.c:392:(snd_func_concat) error evaluating strings
ALSA lib conf.c:4528:(_snd_config_evaluate) function snd_func_concat returned error: No such file or directory
ALSA lib confmisc.c:1246:(snd_func_refer) error evaluating name
ALSA lib conf.c:4528:(_snd_config_evaluate) function snd_func_refer returned error: No such file or directory
ALSA lib conf.c:5007:(snd_config_expand) Evaluate error: No such file or directory
ALSA lib pcm.c:2495:(snd_pcm_open_noupdate) Unknown PCM default
AL lib: (EE) ALCplaybackAlsa_open: Could not open playback device 'default': No such file or directory
[31m[ERROR] [1777732985.903069220, 0.010000000]: No p gain specified for pid.  Namespace: /gazebo_ros_control/pid_gains/front_left_wheel[0m
[31m[ERROR] [1777732985.903567874, 0.010000000]: No p gain specified for pid.  Namespace: /gazebo_ros_control/pid_gains/front_right_wheel[0m
[31m[ERROR] [1777732985.904240194, 0.010000000]: No p gain specified for pid.  Namespace: /gazebo_ros_control/pid_gains/rear_left_wheel[0m
[31m[ERROR] [1777732985.904650645, 0.010000000]: No p gain specified for pid.  Namespace: /gazebo_ros_control/pid_gains/rear_right_wheel[0m
[1;31m[Err] [0m[1;31m[[0m[1;31mREST.cc[0m[1;31m:[0m[1;31m205[0m[1;31m] [0m[1;31mError in REST request[0m[1;31m[0m

libcurl: (51) SSL: no alternative certificate subject name matches target host name 'api.ignitionfuel.org'
